[INFO] Scanning for projects...
[WARNING] 
[WARNING] Some problems were encountered while building the effective model for org.microsoft:Qintelipass:jar:0.0.1-SNAPSHOT
[WARNING] 'dependencies.dependency.(groupId:artifactId:type:classifier)' must be unique: org.springframework.security:spring-security-crypto:jar -> duplicate declaration of version (?) @ line 136, column 21
[WARNING] 'dependencies.dependency.(groupId:artifactId:type:classifier)' must be unique: org.projectlombok:lombok:jar -> version (?) vs 1.18.46 @ line 197, column 21
[WARNING] 
[WARNING] It is highly recommended to fix these problems because they threaten the stability of your build.
[WARNING] 
[WARNING] For this reason, future Maven versions might no longer support building such malformed projects.
[WARNING] 
[INFO] 
[INFO] ---------------------< org.microsoft:Qintelipass >----------------------
[INFO] Building Qintelipass 0.0.1-SNAPSHOT
[INFO]   from pom.xml
[INFO] --------------------------------[ jar ]---------------------------------
[INFO] 
[INFO] --- clean:3.5.0:clean (default-clean) @ Qintelipass ---
[INFO] Deleting C:\Users\Administrator\Desktop\����ͨ\QZhipass\target
[INFO] 
[INFO] --- resources:3.5.0:resources (default-resources) @ Qintelipass ---
[INFO] Copying 2 resources from src\main\resources to target\classes
[INFO] Copying 3 resources from src\main\resources to target\classes
[INFO] 
[INFO] --- compiler:3.15.0:compile (default-compile) @ Qintelipass ---
[INFO] Recompiling the module because of changed source code.
[INFO] Compiling 123 source files with javac [debug parameters release 21] to target\classes
[WARNING] /C:/Users/Administrator/Desktop/����ͨ/QZhipass/src/main/java/org/microsoft/qintelipass/models/TokenDailySummary.java:[25,18] @Builder will ignore the initializing expression entirely. If you want the initializing expression to serve as default, add @Builder.Default. If it is not supposed to be settable during building, make the field final.
[WARNING] /C:/Users/Administrator/Desktop/����ͨ/QZhipass/src/main/java/org/microsoft/qintelipass/models/TokenDailySummary.java:[33,28] @Builder will ignore the initializing expression entirely. If you want the initializing expression to serve as default, add @Builder.Default. If it is not supposed to be settable during building, make the field final.
[WARNING] /C:/Users/Administrator/Desktop/����ͨ/QZhipass/src/main/java/org/microsoft/qintelipass/models/TokenUsageLog.java:[24,18] @Builder will ignore the initializing expression entirely. If you want the initializing expression to serve as default, add @Builder.Default. If it is not supposed to be settable during building, make the field final.
[WARNING] /C:/Users/Administrator/Desktop/����ͨ/QZhipass/src/main/java/org/microsoft/qintelipass/models/TokenUsageLog.java:[34,28] @Builder will ignore the initializing expression entirely. If you want the initializing expression to serve as default, add @Builder.Default. If it is not supposed to be settable during building, make the field final.
[WARNING] /C:/Users/Administrator/Desktop/����ͨ/QZhipass/src/main/java/org/microsoft/qintelipass/models/DailyConfig.java:[23,18] @Builder will ignore the initializing expression entirely. If you want the initializing expression to serve as default, add @Builder.Default. If it is not supposed to be settable during building, make the field final.
[WARNING] /C:/Users/Administrator/Desktop/����ͨ/QZhipass/src/main/java/org/microsoft/qintelipass/models/DailyConfig.java:[31,28] @Builder will ignore the initializing expression entirely. If you want the initializing expression to serve as default, add @Builder.Default. If it is not supposed to be settable during building, make the field final.
[WARNING] /C:/Users/Administrator/Desktop/����ͨ/QZhipass/src/main/java/org/microsoft/qintelipass/dtos/UserDTO.java:[16,18] @Builder will ignore the initializing expression entirely. If you want the initializing expression to serve as default, add @Builder.Default. If it is not supposed to be settable during building, make the field final.
[WARNING] /C:/Users/Administrator/Desktop/����ͨ/QZhipass/src/main/java/org/microsoft/qintelipass/dtos/UserDTO.java:[19,24] @Builder will ignore the initializing expression entirely. If you want the initializing expression to serve as default, add @Builder.Default. If it is not supposed to be settable during building, make the field final.
[WARNING] /C:/Users/Administrator/Desktop/����ͨ/QZhipass/src/main/java/org/microsoft/qintelipass/dtos/UserDTO.java:[22,27] @Builder will ignore the initializing expression entirely. If you want the initializing expression to serve as default, add @Builder.Default. If it is not supposed to be settable during building, make the field final.
[WARNING] /C:/Users/Administrator/Desktop/����ͨ/QZhipass/src/main/java/org/microsoft/qintelipass/models/User.java:[22,18] @Builder will ignore the initializing expression entirely. If you want the initializing expression to serve as default, add @Builder.Default. If it is not supposed to be settable during building, make the field final.
[WARNING] /C:/Users/Administrator/Desktop/����ͨ/QZhipass/src/main/java/org/microsoft/qintelipass/models/User.java:[31,24] @Builder will ignore the initializing expression entirely. If you want the initializing expression to serve as default, add @Builder.Default. If it is not supposed to be settable during building, make the field final.
[WARNING] /C:/Users/Administrator/Desktop/����ͨ/QZhipass/src/main/java/org/microsoft/qintelipass/models/User.java:[47,21] @Builder will ignore the initializing expression entirely. If you want the initializing expression to serve as default, add @Builder.Default. If it is not supposed to be settable during building, make the field final.
[INFO] /C:/Users/Administrator/Desktop/����ͨ/QZhipass/src/main/java/org/microsoft/qintelipass/configs/DeepSeekApiClient.java: ĳЩ�����ļ�ʹ�û򸲸����ѹ�ʱ�� API��
[INFO] /C:/Users/Administrator/Desktop/����ͨ/QZhipass/src/main/java/org/microsoft/qintelipass/configs/DeepSeekApiClient.java: �й���ϸ��Ϣ, ��ʹ�� -Xlint:deprecation ���±��롣
[INFO] /C:/Users/Administrator/Desktop/����ͨ/QZhipass/src/main/java/org/microsoft/qintelipass/controllers/AccountController.java: ĳЩ�����ļ�ʹ����δ�����򲻰�ȫ�Ĳ�����
[INFO] /C:/Users/Administrator/Desktop/����ͨ/QZhipass/src/main/java/org/microsoft/qintelipass/controllers/AccountController.java: �й���ϸ��Ϣ, ��ʹ�� -Xlint:unchecked ���±��롣
[INFO] ------------------------------------------------------------------------
[INFO] BUILD SUCCESS
[INFO] ------------------------------------------------------------------------
[INFO] Total time:  7.727 s
[INFO] Finished at: 2026-07-24T14:19:15+08:00
[INFO] ------------------------------------------------------------------------
